{
  "status": "complete_verified",
  "source_images_verified": 13500,
  "pixel_verified_pngs": 54000,
  "manifest_rows": 108000,
  "issues": [],
  "cue_geometry": {
    "circle": {
      "area": 256,
      "centroid_xy": [
        111.5,
        207.5
      ],
      "bbox_xyxy": [
        103,
        199,
        121,
        217
      ]
    },
    "triangle": {
      "area": 256,
      "centroid_xy": [
        111.5,
        207.5234375
      ],
      "bbox_xyxy": [
        100,
        195,
        124,
        215
      ]
    }
  },
  "visual_sample_pending": 0,
  "training_ready": true
}
